Using pre-set license
Built from '2020.2/staging' branch; Version is '2020.2.5f1 (e2c53f129de5) revision 14861631'; Using compiler version '192528614'; Build Type 'Release'
OS: 'Windows 10 Pro; OS build 19041.804; Version 2004; 64bit' Language: 'es' Physical Memory: 16293 MB
BatchMode: 1, IsHumanControllingUs: 0, StartBugReporterOnCrash: 0, Is64bit: 1, IsPro: 0

 COMMAND LINE ARGUMENTS:
C:\Program Files\Unity\Hub\Editor\2020.2.5f1\Editor\Unity.exe
-adb2
-batchMode
-noUpm
-name
AssetImportWorker0
-projectPath
C:/Users/Win10/FruitNinja
-logFile
Logs/AssetImportWorker0.log
-srvPort
55814
Successfully changed project path to: C:/Users/Win10/FruitNinja
C:/Users/Win10/FruitNinja
Using Asset Import Pipeline V2.
Refreshing native plugins compatible for Editor in 84.45 ms, found 0 plugins.
Preloading 0 native plugins for Editor in 0.00 ms.
Initialize engine version: 2020.2.5f1 (e2c53f129de5)
[Subsystems] Discovering subsystems at path C:/Program Files/Unity/Hub/Editor/2020.2.5f1/Editor/Data/Resources/UnitySubsystems
[Subsystems] Discovering subsystems at path C:/Users/Win10/FruitNinja/Assets
GfxDevice: creating device client; threaded=0
Direct3D:
    Version:  Direct3D 11.0 [level 11.1]
    Renderer: NVIDIA GeForce MX150 (ID=0x1d10)
    Vendor:   
    VRAM:     1983 MB
    Driver:   26.21.14.4141
Initialize mono
Mono path[0] = 'C:/Program Files/Unity/Hub/Editor/2020.2.5f1/Editor/Data/Managed'
Mono path[1] = 'C:/Program Files/Unity/Hub/Editor/2020.2.5f1/Editor/Data/MonoBleedingEdge/lib/mono/unityjit'
Mono config path = 'C:/Program Files/Unity/Hub/Editor/2020.2.5f1/Editor/Data/MonoBleedingEdge/etc'
Using monoOptions --debugger-agent=transport=dt_socket,embedding=1,server=y,suspend=n,address=127.0.0.1:56208
Begin MonoManager ReloadAssembly
Registering precompiled unity dll's ...
Register platform support module: C:/Program Files/Unity/Hub/Editor/2020.2.5f1/Editor/Data/PlaybackEngines/WindowsStandaloneSupport/UnityEditor.WindowsStandalone.Extensions.dll
Registered in 0.008603 seconds.
Native extension for WindowsStandalone target not found
Refreshing native plugins compatible for Editor in 88.97 ms, found 0 plugins.
Preloading 0 native plugins for Editor in 0.00 ms.
Invoked RoslynAnalysisRunner static constructor.
RoslynAnalysisRunner will not be running.
RoslynAnalysisRunner has terminated.
Mono: successfully reloaded assembly
- Completed reload, in  5.788 seconds
Platform modules already initialized, skipping
Registering precompiled user dll's ...
Registered in 0.002156 seconds.
Begin MonoManager ReloadAssembly
Native extension for WindowsStandalone target not found
Refreshing native plugins compatible for Editor in 0.80 ms, found 0 plugins.
Preloading 0 native plugins for Editor in 0.00 ms.
Invoked RoslynAnalysisRunner static constructor.
RoslynAnalysisRunner will not be running.
RoslynAnalysisRunner has terminated.
Mono: successfully reloaded assembly
- Completed reload, in  3.759 seconds
Platform modules already initialized, skipping
========================================================================
Worker process is ready to serve import requests
Launched and connected shader compiler UnityShaderCompiler.exe after 0.14 seconds
Refreshing native plugins compatible for Editor in 0.92 ms, found 0 plugins.
Preloading 0 native plugins for Editor in 0.00 ms.
Unloading 1108 Unused Serialized files (Serialized files now loaded: 0)
System memory in use before: 57.0 MB.
System memory in use after: 57.0 MB.

Unloading 10 unused Assets to reduce memory usage. Loaded Objects now: 1550.
Total: 7.137000 ms (FindLiveObjects: 1.910700 ms CreateObjectMapping: 0.126000 ms MarkObjects: 4.704300 ms  DeleteObjects: 0.389700 ms)

========================================================================
Received Import Request.
  path: Assets/Prefabs/Bomba Variant.prefab
  artifactKey: Guid(fb13db23f04efb44bb3c863616948f35) Importer(815301076,1909f56bfc062723c751e8b465ee728b)
Start importing Assets/Prefabs/Bomba Variant.prefab using Guid(fb13db23f04efb44bb3c863616948f35) Importer(815301076,1909f56bfc062723c751e8b465ee728b)  -> (artifact id: 'd9eb5ef376bf94602deb74ac3b5136e2') in 0.364241 seconds
  Import took 0.372318 seconds .

========================================================================
Received Import Request.
  Time since last request: 0.000571 seconds.
  path: Assets/Prefabs/Naranja Variant.prefab
  artifactKey: Guid(d30c66f3c7bb441448fe0b946495c90b) Importer(815301076,1909f56bfc062723c751e8b465ee728b)
Start importing Assets/Prefabs/Naranja Variant.prefab using Guid(d30c66f3c7bb441448fe0b946495c90b) Importer(815301076,1909f56bfc062723c751e8b465ee728b)  -> (artifact id: 'f4cba459089dbfe000e5e6fd086f93e6') in 0.062370 seconds
  Import took 0.074975 seconds .

========================================================================
Received Import Request.
  Time since last request: 2.762592 seconds.
  path: Assets/Prefabs/Naranja_Cortada Variant.prefab
  artifactKey: Guid(72c11190f33bf8340a9247f5ff69a4e1) Importer(815301076,1909f56bfc062723c751e8b465ee728b)
Start importing Assets/Prefabs/Naranja_Cortada Variant.prefab using Guid(72c11190f33bf8340a9247f5ff69a4e1) Importer(815301076,1909f56bfc062723c751e8b465ee728b)  -> (artifact id: '91400a4bdf5bd77e0517153dc017e86b') in 0.049674 seconds
  Import took 0.060172 seconds .

========================================================================
Received Import Request.
  Time since last request: 3.876964 seconds.
  path: Assets/Prefabs/Bomba Variant.prefab
  artifactKey: Guid(fb13db23f04efb44bb3c863616948f35) Importer(815301076,1909f56bfc062723c751e8b465ee728b)
Start importing Assets/Prefabs/Bomba Variant.prefab using Guid(fb13db23f04efb44bb3c863616948f35) Importer(815301076,1909f56bfc062723c751e8b465ee728b)  -> (artifact id: 'c026e2d4b06f6367c6b0bee6e39905bb') in 0.025968 seconds
  Import took 0.032986 seconds .

========================================================================
Received Prepare
Registering precompiled user dll's ...
Registered in 0.003596 seconds.
Begin MonoManager ReloadAssembly
Native extension for WindowsStandalone target not found
Refreshing native plugins compatible for Editor in 0.55 ms, found 0 plugins.
Preloading 0 native plugins for Editor in 0.00 ms.
Invoked RoslynAnalysisRunner static constructor.
RoslynAnalysisRunner will not be running.
RoslynAnalysisRunner has terminated.
Mono: successfully reloaded assembly
- Completed reload, in  2.985 seconds
Platform modules already initialized, skipping
Refreshing native plugins compatible for Editor in 0.63 ms, found 0 plugins.
Preloading 0 native plugins for Editor in 0.00 ms.
Unloading 1103 Unused Serialized files (Serialized files now loaded: 0)
System memory in use before: 60.1 MB.
System memory in use after: 60.1 MB.

Unloading 5 unused Assets to reduce memory usage. Loaded Objects now: 1559.
Total: 5.130800 ms (FindLiveObjects: 0.390700 ms CreateObjectMapping: 0.145500 ms MarkObjects: 4.461200 ms  DeleteObjects: 0.129300 ms)

AssetImportWorkerClient::OnTransportError - code=2 error=End of file
